// Jest Snapshot v1, https://goo.gl/fbAQLP

exports[`IntrinsicFactory #createPool gas 1`] = `4557092`;

exports[`IntrinsicFactory factory bytecode size 1`] = `24535`;

exports[`IntrinsicFactory pool bytecode size 1`] = `22142`;
